// Jest Snapshot v1, https://goo.gl/fbAQLP

exports[`Base64 #encode gas cost of encode(<some html>) 1`] = `8361`;

exports[`Base64 #encode gas cost of encode(aLpHaBeT) 1`] = `6256`;

exports[`Base64 #encode gas cost of encode(alphabet soup) 1`] = `10038`;

exports[`Base64 #encode gas cost of encode(f) 1`] = `1631`;

exports[`Base64 #encode gas cost of encode(fo) 1`] = `2056`;

exports[`Base64 #encode gas cost of encode(foo) 1`] = `2395`;

exports[`Base64 #encode gas cost of encode(foob) 1`] = `3732`;

exports[`Base64 #encode gas cost of encode(fooba) 1`] = `4154`;

exports[`Base64 #encode gas cost of encode(foobar) 1`] = `4497`;

exports[`Base64 #encode gas cost of encode(includes
newlines) 1`] = `12564`;

exports[`Base64 #encode gas cost of encode(test string) 1`] = `8358`;

exports[`Base64 #encode gas cost of encode(this is a test) 1`] = `10461`;

exports[`Base64 #encode gas cost of encode(this is a very long string that should cost a lot of gas to encode :)) 1`] = `48770`;

exports[`Base64 #encode gas cost of encode(ðŸ˜€) 1`] = `3732`;
