// Jest Snapshot v1, https://goo.gl/fbAQLP

exports[`LiquidityAmounts #getAmount0ForLiquidity gas 1`] = `412`;

exports[`LiquidityAmounts #getAmountsForLiquidity gas for price above 1`] = `589`;

exports[`LiquidityAmounts #getAmountsForLiquidity gas for price below 1`] = `610`;

exports[`LiquidityAmounts #getAmountsForLiquidity gas for price inside 1`] = `1008`;

exports[`LiquidityAmounts #getLiquidityForAmount0 gas 1`] = `625`;

exports[`LiquidityAmounts #getLiquidityForAmount1 gas 1`] = `398`;

exports[`LiquidityAmounts #getLiquidityForAmount1 gas 2`] = `404`;

exports[`LiquidityAmounts #getLiquidityForAmounts gas for price above 1`] = `645`;

exports[`LiquidityAmounts #getLiquidityForAmounts gas for price below 1`] = `820`;

exports[`LiquidityAmounts #getLiquidityForAmounts gas for price inside 1`] = `1330`;
