// Jest Snapshot v1, https://goo.gl/fbAQLP

exports[`Multicall gas cost of pay w/ multicall 1`] = `45154`;

exports[`Multicall gas cost of pay w/o multicall 1`] = `42042`;
