// Jest Snapshot v1, https://goo.gl/fbAQLP

exports[`NFTDescriptor #constructTokenURI gas 1`] = `1560998`;

exports[`NFTDescriptor #constructTokenURI snapshot matches 1`] = `"data:application/json;base64,eyJuYW1lIjoiVW5pc3dhcCAtIDAuMyUgLSBXRVRIL1VOSSAtIE1JTjw+TUFYIiwgImRlc2NyaXB0aW9uIjoiVGhpcyBORlQgcmVwcmVzZW50cyBhIGxpcXVpZGl0eSBwb3NpdGlvbiBpbiBhIFVuaXN3YXAgVjMgV0VUSC1VTkkgcG9vbC4gVGhlIG93bmVyIG9mIHRoaXMgTkZUIGNhbiBtb2RpZnkgb3IgcmVkZWVtIHRoZSBwb3NpdGlvbi5cblxuUG9vbCBBZGRyZXNzOiAweGJiYmJiYmJiYmJiYmJiYmJiYmJiYmJiYmJiYmJiYmJiYmJiYmJiYmJcbldFVEggQWRkcmVzczogMHhhYmNkZWFiY2RlZmFiY2RlZmFiY2RlZmFiY2RlZmFiY2RlZmFiY2RmXG5VTkkgQWRkcmVzczogMHgxMjM0NTY3ODkwMTIzNDU2Nzg5MTIzNDU2Nzg5MDEyMzQ1Njc4OTAxXG5GZWUgVGllcjogMC4zJVxuVG9rZW4gSUQ6IDEyM1xuXG7imqDvuI8gRElTQ0xBSU1FUjogRHVlIGRpbGlnZW5jZSBpcyBpbXBlcmF0aXZlIHdoZW4gYXNzZXNzaW5nIHRoaXMgTkZULiBNYWtlIHN1cmUgdG9rZW4gYWRkcmVzc2VzIG1hdGNoIHRoZSBleHBlY3RlZCB0b2tlbnMsIGFzIHRva2VuIHN5bWJvbHMgbWF5IGJlIGltaXRhdGVkLiIsICJpbWFnZSI6ICJkYXRhOmltYWdlL3N2Zyt4bWw7YmFzZTY0LFBITjJaeUIzYVdSMGFEMGlNamt3SWlCb1pXbG5hSFE5SWpVd01DSWdkbWxsZDBKdmVEMGlNQ0F3SURJNU1DQTFNREFpSUhodGJHNXpQU0pvZEhSd09pOHZkM2QzTG5jekxtOXlaeTh5TURBd0wzTjJaeUlnZUcxc2JuTTZlR3hwYm1zOUoyaDBkSEE2THk5M2QzY3Vkek11YjNKbkx6RTVPVGt2ZUd4cGJtc25QanhrWldaelBqeG1hV3gwWlhJZ2FXUTlJbVl4SWo0OFptVkpiV0ZuWlNCeVpYTjFiSFE5SW5Bd0lpQjRiR2x1YXpwb2NtVm1QU0prWVhSaE9tbHRZV2RsTDNOMlp5dDRiV3c3WW1GelpUWTBMRkJJVGpKYWVVSXpZVmRTTUdGRU1HNU5hbXQzU25sQ2IxcFhiRzVoU0ZFNVNucFZkMDFEWTJka2JXeHNaREJLZG1WRU1HNU5RMEYzU1VSSk5VMURRVEZOUkVGdVNVaG9kR0pITlhwUVUyUnZaRWhTZDA5cE9IWmtNMlF6VEc1amVreHRPWGxhZVRoNVRVUkJkMHd6VGpKYWVXTXJVRWhLYkZrelVXZGtNbXhyWkVkbk9VcDZTVFZOU0VJMFNubENiMXBYYkc1aFNGRTVTbnBWZDAxSVFqUktlVUp0WVZkNGMxQlRZMnBaVjBwcVdrZFdhRXA1T0N0UVF6bDZaRzFqS3lJdlBqeG1aVWx0WVdkbElISmxjM1ZzZEQwaWNERWlJSGhzYVc1ck9taHlaV1k5SW1SaGRHRTZhVzFoWjJVdmMzWm5LM2h0YkR0aVlYTmxOalFzVUVoT01scDVRak5oVjFJd1lVUXdiazFxYTNkS2VVSnZXbGRzYm1GSVVUbEtlbFYzVFVOaloyUnRiR3hrTUVwMlpVUXdiazFEUVhkSlJFazFUVU5CTVUxRVFXNUpTR2gwWWtjMWVsQlRaRzlrU0ZKM1QyazRkbVF6WkROTWJtTjZURzA1ZVZwNU9IbE5SRUYzVEROT01scDVZeXRRUjA1d1kyMU9jMXBUUW1wbFJEQnVUV3BaTkVwNVFtcGxWREJ1VFdwVk1VcDVRbmxRVTJONFRXcENkMlZEWTJkYWJXeHpZa1F3YmtsNlJYbE5lbEV4VG1samRsQnFkM1pqTTFwdVVHYzlQU0l2UGp4bVpVbHRZV2RsSUhKbGMzVnNkRDBpY0RJaUlIaHNhVzVyT21oeVpXWTlJbVJoZEdFNmFXMWhaMlV2YzNabkszaHRiRHRpWVhObE5qUXNVRWhPTWxwNVFqTmhWMUl3WVVRd2JrMXFhM2RLZVVKdldsZHNibUZJVVRsS2VsVjNUVU5qWjJSdGJHeGtNRXAyWlVRd2JrMURRWGRKUkVrMVRVTkJNVTFFUVc1SlNHaDBZa2MxZWxCVFpHOWtTRkozVDJrNGRtUXpaRE5NYm1ONlRHMDVlVnA1T0hsTlJFRjNURE5PTWxwNVl5dFFSMDV3WTIxT2MxcFRRbXBsUkRCdVRXcEJNa3A1UW1wbFZEQnVUVlJWZVVwNVFubFFVMk40VFdwQ2QyVkRZMmRhYld4ellrUXdia2t5V21oWmJVNXJXbWxqZGxCcWQzWmpNMXB1VUdjOVBTSWdMejQ4Wm1WSmJXRm5aU0J5WlhOMWJIUTlJbkF6SWlCNGJHbHVhenBvY21WbVBTSmtZWFJoT21sdFlXZGxMM04yWnl0NGJXdzdZbUZ6WlRZMExGQklUakphZVVJellWZFNNR0ZFTUc1TmFtdDNTbmxDYjFwWGJHNWhTRkU1U25wVmQwMURZMmRrYld4c1pEQktkbVZFTUc1TlEwRjNTVVJKTlUxRFFURk5SRUZ1U1Vob2RHSkhOWHBRVTJSdlpFaFNkMDlwT0haa00yUXpURzVqZWt4dE9YbGFlVGg1VFVSQmQwd3pUakphZVdNclVFZE9jR050VG5OYVUwSnFaVVF3YmsxcVVYZEtlVUpxWlZRd2JrMTZRVEpLZVVKNVVGTmplRTFFUW5kbFEyTm5XbTFzYzJKRU1HNUplbGt6VDBScmQwMVRZM1pRYW5kMll6TmFibEJuUFQwaUlDOCtQR1psUW14bGJtUWdiVzlrWlQwaWIzWmxjbXhoZVNJZ2FXNDlJbkF3SWlCcGJqSTlJbkF4SWlBdlBqeG1aVUpzWlc1a0lHMXZaR1U5SW1WNFkyeDFjMmx2YmlJZ2FXNHlQU0p3TWlJZ0x6NDhabVZDYkdWdVpDQnRiMlJsUFNKdmRtVnliR0Y1SWlCcGJqSTlJbkF6SWlCeVpYTjFiSFE5SW1Kc1pXNWtUM1YwSWlBdlBqeG1aVWRoZFhOemFXRnVRbXgxY2lCcGJqMGlZbXhsYm1SUGRYUWlJSE4wWkVSbGRtbGhkR2x2YmowaU5ESWlJQzgrUEM5bWFXeDBaWEkrSUR4amJHbHdVR0YwYUNCcFpEMGlZMjl5Ym1WeWN5SStQSEpsWTNRZ2QybGtkR2c5SWpJNU1DSWdhR1ZwWjJoMFBTSTFNREFpSUhKNFBTSTBNaUlnY25rOUlqUXlJaUF2UGp3dlkyeHBjRkJoZEdnK1BIQmhkR2dnYVdROUluUmxlSFF0Y0dGMGFDMWhJaUJrUFNKTk5EQWdNVElnU0RJMU1DQkJNamdnTWpnZ01DQXdJREVnTWpjNElEUXdJRlkwTmpBZ1FUSTRJREk0SURBZ01DQXhJREkxTUNBME9EZ2dTRFF3SUVFeU9DQXlPQ0F3SURBZ01TQXhNaUEwTmpBZ1ZqUXdJRUV5T0NBeU9DQXdJREFnTVNBME1DQXhNaUI2SWlBdlBqeHdZWFJvSUdsa1BTSnRhVzVwYldGd0lpQmtQU0pOTWpNMElEUTBORU15TXpRZ05EVTNMamswT1NBeU5ESXVNakVnTkRZeklESTFNeUEwTmpNaUlDOCtQR1pwYkhSbGNpQnBaRDBpZEc5d0xYSmxaMmx2YmkxaWJIVnlJajQ4Wm1WSFlYVnpjMmxoYmtKc2RYSWdhVzQ5SWxOdmRYSmpaVWR5WVhCb2FXTWlJSE4wWkVSbGRtbGhkR2x2YmowaU1qUWlJQzgrUEM5bWFXeDBaWEkrUEd4cGJtVmhja2R5WVdScFpXNTBJR2xrUFNKbmNtRmtMWFZ3SWlCNE1UMGlNU0lnZURJOUlqQWlJSGt4UFNJeElpQjVNajBpTUNJK1BITjBiM0FnYjJabWMyVjBQU0l3TGpBaUlITjBiM0F0WTI5c2IzSTlJbmRvYVhSbElpQnpkRzl3TFc5d1lXTnBkSGs5SWpFaUlDOCtQSE4wYjNBZ2IyWm1jMlYwUFNJdU9TSWdjM1J2Y0MxamIyeHZjajBpZDJocGRHVWlJSE4wYjNBdGIzQmhZMmwwZVQwaU1DSWdMejQ4TDJ4cGJtVmhja2R5WVdScFpXNTBQanhzYVc1bFlYSkhjbUZrYVdWdWRDQnBaRDBpWjNKaFpDMWtiM2R1SWlCNE1UMGlNQ0lnZURJOUlqRWlJSGt4UFNJd0lpQjVNajBpTVNJK1BITjBiM0FnYjJabWMyVjBQU0l3TGpBaUlITjBiM0F0WTI5c2IzSTlJbmRvYVhSbElpQnpkRzl3TFc5d1lXTnBkSGs5SWpFaUlDOCtQSE4wYjNBZ2IyWm1jMlYwUFNJd0xqa2lJSE4wYjNBdFkyOXNiM0k5SW5kb2FYUmxJaUJ6ZEc5d0xXOXdZV05wZEhrOUlqQWlJQzgrUEM5c2FXNWxZWEpIY21Ga2FXVnVkRDQ4YldGemF5QnBaRDBpWm1Ga1pTMTFjQ0lnYldGemEwTnZiblJsYm5SVmJtbDBjejBpYjJKcVpXTjBRbTkxYm1ScGJtZENiM2dpUGp4eVpXTjBJSGRwWkhSb1BTSXhJaUJvWldsbmFIUTlJakVpSUdacGJHdzlJblZ5YkNnalozSmhaQzExY0NraUlDOCtQQzl0WVhOclBqeHRZWE5ySUdsa1BTSm1ZV1JsTFdSdmQyNGlJRzFoYzJ0RGIyNTBaVzUwVlc1cGRITTlJbTlpYW1WamRFSnZkVzVrYVc1blFtOTRJajQ4Y21WamRDQjNhV1IwYUQwaU1TSWdhR1ZwWjJoMFBTSXhJaUJtYVd4c1BTSjFjbXdvSTJkeVlXUXRaRzkzYmlraUlDOCtQQzl0WVhOclBqeHRZWE5ySUdsa1BTSnViMjVsSWlCdFlYTnJRMjl1ZEdWdWRGVnVhWFJ6UFNKdlltcGxZM1JDYjNWdVpHbHVaMEp2ZUNJK1BISmxZM1FnZDJsa2RHZzlJakVpSUdobGFXZG9kRDBpTVNJZ1ptbHNiRDBpZDJocGRHVWlJQzgrUEM5dFlYTnJQanhzYVc1bFlYSkhjbUZrYVdWdWRDQnBaRDBpWjNKaFpDMXplVzFpYjJ3aVBqeHpkRzl3SUc5bVpuTmxkRDBpTUM0M0lpQnpkRzl3TFdOdmJHOXlQU0ozYUdsMFpTSWdjM1J2Y0MxdmNHRmphWFI1UFNJeElpQXZQanh6ZEc5d0lHOW1abk5sZEQwaUxqazFJaUJ6ZEc5d0xXTnZiRzl5UFNKM2FHbDBaU0lnYzNSdmNDMXZjR0ZqYVhSNVBTSXdJaUF2UGp3dmJHbHVaV0Z5UjNKaFpHbGxiblErUEcxaGMyc2dhV1E5SW1aaFpHVXRjM2x0WW05c0lpQnRZWE5yUTI5dWRHVnVkRlZ1YVhSelBTSjFjMlZ5VTNCaFkyVlBibFZ6WlNJK1BISmxZM1FnZDJsa2RHZzlJakk1TUhCNElpQm9aV2xuYUhROUlqSXdNSEI0SWlCbWFXeHNQU0oxY213b0kyZHlZV1F0YzNsdFltOXNLU0lnTHo0OEwyMWhjMnMrUEM5a1pXWnpQanhuSUdOc2FYQXRjR0YwYUQwaWRYSnNLQ05qYjNKdVpYSnpLU0krUEhKbFkzUWdabWxzYkQwaVlXSmpaR1ZoSWlCNFBTSXdjSGdpSUhrOUlqQndlQ0lnZDJsa2RHZzlJakk1TUhCNElpQm9aV2xuYUhROUlqVXdNSEI0SWlBdlBqeHlaV04wSUhOMGVXeGxQU0ptYVd4MFpYSTZJSFZ5YkNnalpqRXBJaUI0UFNJd2NIZ2lJSGs5SWpCd2VDSWdkMmxrZEdnOUlqSTVNSEI0SWlCb1pXbG5hSFE5SWpVd01IQjRJaUF2UGlBOFp5QnpkSGxzWlQwaVptbHNkR1Z5T25WeWJDZ2pkRzl3TFhKbFoybHZiaTFpYkhWeUtUc2dkSEpoYm5ObWIzSnRPbk5qWVd4bEtERXVOU2s3SUhSeVlXNXpabTl5YlMxdmNtbG5hVzQ2WTJWdWRHVnlJSFJ2Y0RzaVBqeHlaV04wSUdacGJHdzlJbTV2Ym1VaUlIZzlJakJ3ZUNJZ2VUMGlNSEI0SWlCM2FXUjBhRDBpTWprd2NIZ2lJR2hsYVdkb2REMGlOVEF3Y0hnaUlDOCtQR1ZzYkdsd2MyVWdZM2c5SWpVd0pTSWdZM2s5SWpCd2VDSWdjbmc5SWpFNE1IQjRJaUJ5ZVQwaU1USXdjSGdpSUdacGJHdzlJaU13TURBaUlHOXdZV05wZEhrOUlqQXVPRFVpSUM4K1BDOW5Qand2Wno0OGRHVjRkQ0IwWlhoMExYSmxibVJsY21sdVp6MGliM0IwYVcxcGVtVlRjR1ZsWkNJK1BIUmxlSFJRWVhSb0lITjBZWEowVDJabWMyVjBQU0l0TVRBd0pTSWdabWxzYkQwaWQyaHBkR1VpSUdadmJuUXRabUZ0YVd4NVBTSW5RMjkxY21sbGNpQk9aWGNuTENCdGIyNXZjM0JoWTJVaUlHWnZiblF0YzJsNlpUMGlNVEJ3ZUNJZ2VHeHBibXM2YUhKbFpqMGlJM1JsZUhRdGNHRjBhQzFoSWo0d2VERXlNelExTmpjNE9UQXhNak0wTlRZM09Ea3hNak0wTlRZM09Ea3dNVEl6TkRVMk56ZzVNREVnNG9DaUlGVk9TU0E4WVc1cGJXRjBaU0JoWkdScGRHbDJaVDBpYzNWdElpQmhkSFJ5YVdKMWRHVk9ZVzFsUFNKemRHRnlkRTltWm5ObGRDSWdabkp2YlQwaU1DVWlJSFJ2UFNJeE1EQWxJaUJpWldkcGJqMGlNSE1pSUdSMWNqMGlNekJ6SWlCeVpYQmxZWFJEYjNWdWREMGlhVzVrWldacGJtbDBaU0lnTHo0OEwzUmxlSFJRWVhSb1BpQThkR1Y0ZEZCaGRHZ2djM1JoY25SUFptWnpaWFE5SWpBbElpQm1hV3hzUFNKM2FHbDBaU0lnWm05dWRDMW1ZVzFwYkhrOUlpZERiM1Z5YVdWeUlFNWxkeWNzSUcxdmJtOXpjR0ZqWlNJZ1ptOXVkQzF6YVhwbFBTSXhNSEI0SWlCNGJHbHVhenBvY21WbVBTSWpkR1Y0ZEMxd1lYUm9MV0VpUGpCNE1USXpORFUyTnpnNU1ERXlNelExTmpjNE9URXlNelExTmpjNE9UQXhNak0wTlRZM09Ea3dNU0RpZ0tJZ1ZVNUpJRHhoYm1sdFlYUmxJR0ZrWkdsMGFYWmxQU0p6ZFcwaUlHRjBkSEpwWW5WMFpVNWhiV1U5SW5OMFlYSjBUMlptYzJWMElpQm1jbTl0UFNJd0pTSWdkRzg5SWpFd01DVWlJR0psWjJsdVBTSXdjeUlnWkhWeVBTSXpNSE1pSUhKbGNHVmhkRU52ZFc1MFBTSnBibVJsWm1sdWFYUmxJaUF2UGlBOEwzUmxlSFJRWVhSb1BqeDBaWGgwVUdGMGFDQnpkR0Z5ZEU5bVpuTmxkRDBpTlRBbElpQm1hV3hzUFNKM2FHbDBaU0lnWm05dWRDMW1ZVzFwYkhrOUlpZERiM1Z5YVdWeUlFNWxkeWNzSUcxdmJtOXpjR0ZqWlNJZ1ptOXVkQzF6YVhwbFBTSXhNSEI0SWlCNGJHbHVhenBvY21WbVBTSWpkR1Y0ZEMxd1lYUm9MV0VpUGpCNFlXSmpaR1ZoWW1Oa1pXWmhZbU5rWldaaFltTmtaV1poWW1Oa1pXWmhZbU5rWldaaFltTmtaaURpZ0tJZ1YwVlVTQ0E4WVc1cGJXRjBaU0JoWkdScGRHbDJaVDBpYzNWdElpQmhkSFJ5YVdKMWRHVk9ZVzFsUFNKemRHRnlkRTltWm5ObGRDSWdabkp2YlQwaU1DVWlJSFJ2UFNJeE1EQWxJaUJpWldkcGJqMGlNSE1pSUdSMWNqMGlNekJ6SWlCeVpYQmxZWFJEYjNWdWREMGlhVzVrWldacGJtbDBaU0lnTHo0OEwzUmxlSFJRWVhSb1BqeDBaWGgwVUdGMGFDQnpkR0Z5ZEU5bVpuTmxkRDBpTFRVd0pTSWdabWxzYkQwaWQyaHBkR1VpSUdadmJuUXRabUZ0YVd4NVBTSW5RMjkxY21sbGNpQk9aWGNuTENCdGIyNXZjM0JoWTJVaUlHWnZiblF0YzJsNlpUMGlNVEJ3ZUNJZ2VHeHBibXM2YUhKbFpqMGlJM1JsZUhRdGNHRjBhQzFoSWo0d2VHRmlZMlJsWVdKalpHVm1ZV0pqWkdWbVlXSmpaR1ZtWVdKalpHVm1ZV0pqWkdWbVlXSmpaR1lnNG9DaUlGZEZWRWdnUEdGdWFXMWhkR1VnWVdSa2FYUnBkbVU5SW5OMWJTSWdZWFIwY21saWRYUmxUbUZ0WlQwaWMzUmhjblJQWm1aelpYUWlJR1p5YjIwOUlqQWxJaUIwYnowaU1UQXdKU0lnWW1WbmFXNDlJakJ6SWlCa2RYSTlJak13Y3lJZ2NtVndaV0YwUTI5MWJuUTlJbWx1WkdWbWFXNXBkR1VpSUM4K1BDOTBaWGgwVUdGMGFENDhMM1JsZUhRK1BHY2diV0Z6YXowaWRYSnNLQ05tWVdSbExYTjViV0p2YkNraVBqeHlaV04wSUdacGJHdzlJbTV2Ym1VaUlIZzlJakJ3ZUNJZ2VUMGlNSEI0SWlCM2FXUjBhRDBpTWprd2NIZ2lJR2hsYVdkb2REMGlNakF3Y0hnaUlDOCtJRHgwWlhoMElIazlJamN3Y0hnaUlIZzlJak15Y0hnaUlHWnBiR3c5SW5kb2FYUmxJaUJtYjI1MExXWmhiV2xzZVQwaUowTnZkWEpwWlhJZ1RtVjNKeXdnYlc5dWIzTndZV05sSWlCbWIyNTBMWGRsYVdkb2REMGlNakF3SWlCbWIyNTBMWE5wZW1VOUlqTTJjSGdpUGxkRlZFZ3ZWVTVKUEM5MFpYaDBQangwWlhoMElIazlJakV4TlhCNElpQjRQU0l6TW5CNElpQm1hV3hzUFNKM2FHbDBaU0lnWm05dWRDMW1ZVzFwYkhrOUlpZERiM1Z5YVdWeUlFNWxkeWNzSUcxdmJtOXpjR0ZqWlNJZ1ptOXVkQzEzWldsbmFIUTlJakl3TUNJZ1ptOXVkQzF6YVhwbFBTSXpObkI0SWo0d0xqTWxQQzkwWlhoMFBqd3ZaejQ4Y21WamRDQjRQU0l4TmlJZ2VUMGlNVFlpSUhkcFpIUm9QU0l5TlRnaUlHaGxhV2RvZEQwaU5EWTRJaUJ5ZUQwaU1qWWlJSEo1UFNJeU5pSWdabWxzYkQwaWNtZGlZU2d3TERBc01Dd3dLU0lnYzNSeWIydGxQU0p5WjJKaEtESTFOU3d5TlRVc01qVTFMREF1TWlraUlDOCtQSEpsWTNRZ2VEMGlNQ0lnZVQwaU1DSWdkMmxrZEdnOUlqSTVNQ0lnYUdWcFoyaDBQU0kxTURBaUlISjRQU0kwTWlJZ2NuazlJalF5SWlCbWFXeHNQU0p5WjJKaEtEQXNNQ3d3TERBcElpQnpkSEp2YTJVOUluSm5ZbUVvTWpVMUxESTFOU3d5TlRVc01DNHlLU0lnTHo0OFp5QnRZWE5yUFNKMWNtd29JMjV2Ym1VcElpQnpkSGxzWlQwaWRISmhibk5tYjNKdE9uUnlZVzV6YkdGMFpTZzNNM0I0TERFNE9YQjRLU0krUEhKbFkzUWdlRDBpTFRFMmNIZ2lJSGs5SWkweE5uQjRJaUIzYVdSMGFEMGlNVGd3Y0hnaUlHaGxhV2RvZEQwaU1UZ3djSGdpSUdacGJHdzlJbTV2Ym1VaUlDOCtQSEJoZEdnZ1pEMGlUVEVnTVVNeElEazNJRFE1SURFME5TQXhORFVnTVRRMUlpQnpkSEp2YTJVOUluSm5ZbUVvTUN3d0xEQXNNQzR6S1NJZ2MzUnliMnRsTFhkcFpIUm9QU0l6TW5CNElpQm1hV3hzUFNKdWIyNWxJaUJ6ZEhKdmEyVXRiR2x1WldOaGNEMGljbTkxYm1RaUlDOCtQQzluUGp4bklHMWhjMnM5SW5WeWJDZ2pibTl1WlNraUlITjBlV3hsUFNKMGNtRnVjMlp2Y20wNmRISmhibk5zWVhSbEtEY3pjSGdzTVRnNWNIZ3BJajQ4Y21WamRDQjRQU0l0TVRad2VDSWdlVDBpTFRFMmNIZ2lJSGRwWkhSb1BTSXhPREJ3ZUNJZ2FHVnBaMmgwUFNJeE9EQndlQ0lnWm1sc2JEMGlibTl1WlNJZ0x6NDhjR0YwYUNCa1BTSk5NU0F4UXpFZ09UY2dORGtnTVRRMUlERTBOU0F4TkRVaUlITjBjbTlyWlQwaWNtZGlZU2d5TlRVc01qVTFMREkxTlN3eEtTSWdabWxzYkQwaWJtOXVaU0lnYzNSeWIydGxMV3hwYm1WallYQTlJbkp2ZFc1a0lpQXZQand2Wno0OFkybHlZMnhsSUdONFBTSTNNM0I0SWlCamVUMGlNVGt3Y0hnaUlISTlJalJ3ZUNJZ1ptbHNiRDBpZDJocGRHVWlJQzgrUEdOcGNtTnNaU0JqZUQwaU1qRTNjSGdpSUdONVBTSXpNelJ3ZUNJZ2NqMGlOSEI0SWlCbWFXeHNQU0ozYUdsMFpTSWdMejRnUEdjZ2MzUjViR1U5SW5SeVlXNXpabTl5YlRwMGNtRnVjMnhoZEdVb01qbHdlQ3dnTXpnMGNIZ3BJajQ4Y21WamRDQjNhV1IwYUQwaU56ZHdlQ0lnYUdWcFoyaDBQU0l5Tm5CNElpQnllRDBpT0hCNElpQnllVDBpT0hCNElpQm1hV3hzUFNKeVoySmhLREFzTUN3d0xEQXVOaWtpSUM4K1BIUmxlSFFnZUQwaU1USndlQ0lnZVQwaU1UZHdlQ0lnWm05dWRDMW1ZVzFwYkhrOUlpZERiM1Z5YVdWeUlFNWxkeWNzSUcxdmJtOXpjR0ZqWlNJZ1ptOXVkQzF6YVhwbFBTSXhNbkI0SWlCbWFXeHNQU0ozYUdsMFpTSStQSFJ6Y0dGdUlHWnBiR3c5SW5KblltRW9NalUxTERJMU5Td3lOVFVzTUM0MktTSStTVVE2SUR3dmRITndZVzQrTVRJelBDOTBaWGgwUGp3dlp6NGdQR2NnYzNSNWJHVTlJblJ5WVc1elptOXliVHAwY21GdWMyeGhkR1VvTWpsd2VDd2dOREUwY0hncElqNDhjbVZqZENCM2FXUjBhRDBpTVRFeWNIZ2lJR2hsYVdkb2REMGlNalp3ZUNJZ2NuZzlJamh3ZUNJZ2NuazlJamh3ZUNJZ1ptbHNiRDBpY21kaVlTZ3dMREFzTUN3d0xqWXBJaUF2UGp4MFpYaDBJSGc5SWpFeWNIZ2lJSGs5SWpFM2NIZ2lJR1p2Ym5RdFptRnRhV3g1UFNJblEyOTFjbWxsY2lCT1pYY25MQ0J0YjI1dmMzQmhZMlVpSUdadmJuUXRjMmw2WlQwaU1USndlQ0lnWm1sc2JEMGlkMmhwZEdVaVBqeDBjM0JoYmlCbWFXeHNQU0p5WjJKaEtESTFOU3d5TlRVc01qVTFMREF1TmlraVBrMXBiam9nUEM5MGMzQmhiajR0T0RnM01qSXdQQzkwWlhoMFBqd3ZaejRnUEdjZ2MzUjViR1U5SW5SeVlXNXpabTl5YlRwMGNtRnVjMnhoZEdVb01qbHdlQ3dnTkRRMGNIZ3BJajQ4Y21WamRDQjNhV1IwYUQwaU1UQTFjSGdpSUdobGFXZG9kRDBpTWpad2VDSWdjbmc5SWpod2VDSWdjbms5SWpod2VDSWdabWxzYkQwaWNtZGlZU2d3TERBc01Dd3dMallwSWlBdlBqeDBaWGgwSUhnOUlqRXljSGdpSUhrOUlqRTNjSGdpSUdadmJuUXRabUZ0YVd4NVBTSW5RMjkxY21sbGNpQk9aWGNuTENCdGIyNXZjM0JoWTJVaUlHWnZiblF0YzJsNlpUMGlNVEp3ZUNJZ1ptbHNiRDBpZDJocGRHVWlQangwYzNCaGJpQm1hV3hzUFNKeVoySmhLREkxTlN3eU5UVXNNalUxTERBdU5pa2lQazFoZURvZ1BDOTBjM0JoYmo0NE9EY3lNakE4TDNSbGVIUStQQzluUGp3dmMzWm5QZz09In0="`;

exports[`NFTDescriptor #svgImage matches the current snapshot 1`] = `"<svg width=\\"290\\" height=\\"500\\" viewBox=\\"0 0 290 500\\" xmlns=\\"http://www.w3.org/2000/svg\\" xmlns:xlink='http://www.w3.org/1999/xlink'><defs><filter id=\\"f1\\"><feImage result=\\"p0\\" xlink:href=\\"data:image/svg+xml;base64,PHN2ZyB3aWR0aD0nMjkwJyBoZWlnaHQ9JzUwMCcgdmlld0JveD0nMCAwIDI5MCA1MDAnIHhtbG5zPSdodHRwOi8vd3d3LnczLm9yZy8yMDAwL3N2Zyc+PHJlY3Qgd2lkdGg9JzI5MHB4JyBoZWlnaHQ9JzUwMHB4JyBmaWxsPScjMTIzNDU2Jy8+PC9zdmc+\\"/><feImage result=\\"p1\\" xlink:href=\\"data:image/svg+xml;base64,PHN2ZyB3aWR0aD0nMjkwJyBoZWlnaHQ9JzUwMCcgdmlld0JveD0nMCAwIDI5MCA1MDAnIHhtbG5zPSdodHRwOi8vd3d3LnczLm9yZy8yMDAwL3N2Zyc+PGNpcmNsZSBjeD0nMTIwJyBjeT0nNDc2JyByPScxMjBweCcgZmlsbD0nI2FiY2RlYScvPjwvc3ZnPg==\\"/><feImage result=\\"p2\\" xlink:href=\\"data:image/svg+xml;base64,PHN2ZyB3aWR0aD0nMjkwJyBoZWlnaHQ9JzUwMCcgdmlld0JveD0nMCAwIDI5MCA1MDAnIHhtbG5zPSdodHRwOi8vd3d3LnczLm9yZy8yMDAwL3N2Zyc+PGNpcmNsZSBjeD0nNTEnIGN5PSczODMnIHI9JzEyMHB4JyBmaWxsPScjNjc4OTAxJy8+PC9zdmc+\\" /><feImage result=\\"p3\\" xlink:href=\\"data:image/svg+xml;base64,PHN2ZyB3aWR0aD0nMjkwJyBoZWlnaHQ9JzUwMCcgdmlld0JveD0nMCAwIDI5MCA1MDAnIHhtbG5zPSdodHRwOi8vd3d3LnczLm9yZy8yMDAwL3N2Zyc+PGNpcmNsZSBjeD0nMTU0JyBjeT0nNDM0JyByPScxMDBweCcgZmlsbD0nI2ZhYmNkZicvPjwvc3ZnPg==\\" /><feBlend mode=\\"overlay\\" in=\\"p0\\" in2=\\"p1\\" /><feBlend mode=\\"exclusion\\" in2=\\"p2\\" /><feBlend mode=\\"overlay\\" in2=\\"p3\\" result=\\"blendOut\\" /><feGaussianBlur in=\\"blendOut\\" stdDeviation=\\"42\\" /></filter> <clipPath id=\\"corners\\"><rect width=\\"290\\" height=\\"500\\" rx=\\"42\\" ry=\\"42\\" /></clipPath><path id=\\"text-path-a\\" d=\\"M40 12 H250 A28 28 0 0 1 278 40 V460 A28 28 0 0 1 250 488 H40 A28 28 0 0 1 12 460 V40 A28 28 0 0 1 40 12 z\\" /><path id=\\"minimap\\" d=\\"M234 444C234 457.949 242.21 463 253 463\\" /><filter id=\\"top-region-blur\\"><feGaussianBlur in=\\"SourceGraphic\\" stdDeviation=\\"24\\" /></filter><linearGradient id=\\"grad-up\\" x1=\\"1\\" x2=\\"0\\" y1=\\"1\\" y2=\\"0\\"><stop offset=\\"0.0\\" stop-color=\\"white\\" stop-opacity=\\"1\\" /><stop offset=\\".9\\" stop-color=\\"white\\" stop-opacity=\\"0\\" /></linearGradient><linearGradient id=\\"grad-down\\" x1=\\"0\\" x2=\\"1\\" y1=\\"0\\" y2=\\"1\\"><stop offset=\\"0.0\\" stop-color=\\"white\\" stop-opacity=\\"1\\" /><stop offset=\\"0.9\\" stop-color=\\"white\\" stop-opacity=\\"0\\" /></linearGradient><mask id=\\"fade-up\\" maskContentUnits=\\"objectBoundingBox\\"><rect width=\\"1\\" height=\\"1\\" fill=\\"url(#grad-up)\\" /></mask><mask id=\\"fade-down\\" maskContentUnits=\\"objectBoundingBox\\"><rect width=\\"1\\" height=\\"1\\" fill=\\"url(#grad-down)\\" /></mask><mask id=\\"none\\" maskContentUnits=\\"objectBoundingBox\\"><rect width=\\"1\\" height=\\"1\\" fill=\\"white\\" /></mask><linearGradient id=\\"grad-symbol\\"><stop offset=\\"0.7\\" stop-color=\\"white\\" stop-opacity=\\"1\\" /><stop offset=\\".95\\" stop-color=\\"white\\" stop-opacity=\\"0\\" /></linearGradient><mask id=\\"fade-symbol\\" maskContentUnits=\\"userSpaceOnUse\\"><rect width=\\"290px\\" height=\\"200px\\" fill=\\"url(#grad-symbol)\\" /></mask></defs><g clip-path=\\"url(#corners)\\"><rect fill=\\"123456\\" x=\\"0px\\" y=\\"0px\\" width=\\"290px\\" height=\\"500px\\" /><rect style=\\"filter: url(#f1)\\" x=\\"0px\\" y=\\"0px\\" width=\\"290px\\" height=\\"500px\\" /> <g style=\\"filter:url(#top-region-blur); transform:scale(1.5); transform-origin:center top;\\"><rect fill=\\"none\\" x=\\"0px\\" y=\\"0px\\" width=\\"290px\\" height=\\"500px\\" /><ellipse cx=\\"50%\\" cy=\\"0px\\" rx=\\"180px\\" ry=\\"120px\\" fill=\\"#000\\" opacity=\\"0.85\\" /></g></g><text text-rendering=\\"optimizeSpeed\\"><textPath startOffset=\\"-100%\\" fill=\\"white\\" font-family=\\"'Courier New', monospace\\" font-size=\\"10px\\" xlink:href=\\"#text-path-a\\">0xabcdeabcdefabcdefabcdefabcdefabcdefabcdf • WETH <animate additive=\\"sum\\" attributeName=\\"startOffset\\" from=\\"0%\\" to=\\"100%\\" begin=\\"0s\\" dur=\\"30s\\" repeatCount=\\"indefinite\\" /></textPath> <textPath startOffset=\\"0%\\" fill=\\"white\\" font-family=\\"'Courier New', monospace\\" font-size=\\"10px\\" xlink:href=\\"#text-path-a\\">0xabcdeabcdefabcdefabcdefabcdefabcdefabcdf • WETH <animate additive=\\"sum\\" attributeName=\\"startOffset\\" from=\\"0%\\" to=\\"100%\\" begin=\\"0s\\" dur=\\"30s\\" repeatCount=\\"indefinite\\" /> </textPath><textPath startOffset=\\"50%\\" fill=\\"white\\" font-family=\\"'Courier New', monospace\\" font-size=\\"10px\\" xlink:href=\\"#text-path-a\\">0x1234567890123456789123456789012345678901 • UNI <animate additive=\\"sum\\" attributeName=\\"startOffset\\" from=\\"0%\\" to=\\"100%\\" begin=\\"0s\\" dur=\\"30s\\" repeatCount=\\"indefinite\\" /></textPath><textPath startOffset=\\"-50%\\" fill=\\"white\\" font-family=\\"'Courier New', monospace\\" font-size=\\"10px\\" xlink:href=\\"#text-path-a\\">0x1234567890123456789123456789012345678901 • UNI <animate additive=\\"sum\\" attributeName=\\"startOffset\\" from=\\"0%\\" to=\\"100%\\" begin=\\"0s\\" dur=\\"30s\\" repeatCount=\\"indefinite\\" /></textPath></text><g mask=\\"url(#fade-symbol)\\"><rect fill=\\"none\\" x=\\"0px\\" y=\\"0px\\" width=\\"290px\\" height=\\"200px\\" /> <text y=\\"70px\\" x=\\"32px\\" fill=\\"white\\" font-family=\\"'Courier New', monospace\\" font-weight=\\"200\\" font-size=\\"36px\\">UNI/WETH</text><text y=\\"115px\\" x=\\"32px\\" fill=\\"white\\" font-family=\\"'Courier New', monospace\\" font-weight=\\"200\\" font-size=\\"36px\\">0.05%</text></g><rect x=\\"16\\" y=\\"16\\" width=\\"258\\" height=\\"468\\" rx=\\"26\\" ry=\\"26\\" fill=\\"rgba(0,0,0,0)\\" stroke=\\"rgba(255,255,255,0.2)\\" /><rect x=\\"0\\" y=\\"0\\" width=\\"290\\" height=\\"500\\" rx=\\"42\\" ry=\\"42\\" fill=\\"rgba(0,0,0,0)\\" stroke=\\"rgba(255,255,255,0.2)\\" /><g mask=\\"url(#none)\\" style=\\"transform:translate(73px,189px)\\"><rect x=\\"-16px\\" y=\\"-16px\\" width=\\"180px\\" height=\\"180px\\" fill=\\"none\\" /><path d=\\"M1 1C9 81 65 137 145 145\\" stroke=\\"rgba(0,0,0,0.3)\\" stroke-width=\\"32px\\" fill=\\"none\\" stroke-linecap=\\"round\\" /></g><g mask=\\"url(#none)\\" style=\\"transform:translate(73px,189px)\\"><rect x=\\"-16px\\" y=\\"-16px\\" width=\\"180px\\" height=\\"180px\\" fill=\\"none\\" /><path d=\\"M1 1C9 81 65 137 145 145\\" stroke=\\"rgba(255,255,255,1)\\" fill=\\"none\\" stroke-linecap=\\"round\\" /></g><circle cx=\\"73px\\" cy=\\"190px\\" r=\\"4px\\" fill=\\"white\\" /><circle cx=\\"217px\\" cy=\\"334px\\" r=\\"4px\\" fill=\\"white\\" /> <g style=\\"transform:translate(29px, 384px)\\"><rect width=\\"77px\\" height=\\"26px\\" rx=\\"8px\\" ry=\\"8px\\" fill=\\"rgba(0,0,0,0.6)\\" /><text x=\\"12px\\" y=\\"17px\\" font-family=\\"'Courier New', monospace\\" font-size=\\"12px\\" fill=\\"white\\"><tspan fill=\\"rgba(255,255,255,0.6)\\">ID: </tspan>123</text></g> <g style=\\"transform:translate(29px, 414px)\\"><rect width=\\"98px\\" height=\\"26px\\" rx=\\"8px\\" ry=\\"8px\\" fill=\\"rgba(0,0,0,0.6)\\" /><text x=\\"12px\\" y=\\"17px\\" font-family=\\"'Courier New', monospace\\" font-size=\\"12px\\" fill=\\"white\\"><tspan fill=\\"rgba(255,255,255,0.6)\\">Min: </tspan>-1000</text></g> <g style=\\"transform:translate(29px, 444px)\\"><rect width=\\"91px\\" height=\\"26px\\" rx=\\"8px\\" ry=\\"8px\\" fill=\\"rgba(0,0,0,0.6)\\" /><text x=\\"12px\\" y=\\"17px\\" font-family=\\"'Courier New', monospace\\" font-size=\\"12px\\" fill=\\"white\\"><tspan fill=\\"rgba(255,255,255,0.6)\\">Max: </tspan>2000</text></g></svg>"`;
