// Jest Snapshot v1, https://goo.gl/fbAQLP

exports[`NonfungiblePositionManager #burn gas 1`] = `53574`;

exports[`NonfungiblePositionManager #collect gas transfers both 1`] = `95900`;

exports[`NonfungiblePositionManager #collect gas transfers token0 only 1`] = `107977`;

exports[`NonfungiblePositionManager #collect gas transfers token1 only 1`] = `108010`;

exports[`NonfungiblePositionManager #createAndInitializePoolIfNecessary gas 1`] = `4535974`;

exports[`NonfungiblePositionManager #decreaseLiquidity gas complete decrease 1`] = `96762`;

exports[`NonfungiblePositionManager #decreaseLiquidity gas partial decrease 1`] = `161427`;

exports[`NonfungiblePositionManager #increaseLiquidity gas 1`] = `182587`;

exports[`NonfungiblePositionManager #mint gas first mint for ticks 1`] = `547917`;

exports[`NonfungiblePositionManager #mint gas ticks already used 1`] = `547917`;

exports[`NonfungiblePositionManager #permit owned by eoa gas 1`] = `60124`;

exports[`NonfungiblePositionManager #permit owned by verifying contract gas 1`] = `63824`;

exports[`NonfungiblePositionManager #transferFrom gas 1`] = `84209`;

exports[`NonfungiblePositionManager #transferFrom gas comes from approved 1`] = `75409`;

exports[`NonfungiblePositionManager bytecode size 1`] = `22491`;

exports[`NonfungiblePositionManager multicall exit gas 1`] = `176133`;
