// Jest Snapshot v1, https://goo.gl/fbAQLP

exports[`SwapRouter gas tests #exactInput 0 -> 1 -> 2 1`] = `181650`;

exports[`SwapRouter gas tests #exactInput 0 -> 1 1`] = `111235`;

exports[`SwapRouter gas tests #exactInput 0 -> 1 minimal 1`] = `104691`;

exports[`SwapRouter gas tests #exactInput 0 -> WETH9 1`] = `138231`;

exports[`SwapRouter gas tests #exactInput WETH9 -> 0 1`] = `111256`;

exports[`SwapRouter gas tests #exactInputSingle 0 -> 1 1`] = `110675`;

exports[`SwapRouter gas tests #exactInputSingle 0 -> WETH9 1`] = `137665`;

exports[`SwapRouter gas tests #exactInputSingle WETH9 -> 0 1`] = `110878`;

exports[`SwapRouter gas tests #exactOutput 0 -> 1 -> 2 1`] = `177622`;

exports[`SwapRouter gas tests #exactOutput 0 -> 1 1`] = `115833`;

exports[`SwapRouter gas tests #exactOutput 0 -> WETH9 1`] = `139462`;

exports[`SwapRouter gas tests #exactOutput WETH9 -> 0 1`] = `143760`;

exports[`SwapRouter gas tests #exactOutputSingle 0 -> 1 1`] = `115362`;

exports[`SwapRouter gas tests #exactOutputSingle 0 -> WETH9 1`] = `138991`;

exports[`SwapRouter gas tests #exactOutputSingle WETH9 -> 0 1`] = `122184`;
